<html>
<body>
<pre>
<h1>µVision Build Log</h1>
<h2>Tool Versions:</h2>
IDE-Version: ¦ÌVision V5.40.0.0
Copyright (C) 2024 ARM Ltd and ARM Germany GmbH. All rights reserved.
License Information: Y liliput, Y, LIC=FYKYW-QE295-FWP2N-YX7TQ-80HQH-W3N8F
 
Tool Versions:
Toolchain:       MDK-ARM Plus  Version: 5.40.0.3
Toolchain Path:  C:\Users\liliput\AppData\Local\Keil_v5\ARM\ARMCC\Bin
C Compiler:      Armcc.exe V5.06 update 7 (build 960)
Assembler:       Armasm.exe V5.06 update 7 (build 960)
Linker/Locator:  ArmLink.exe V5.06 update 7 (build 960)
Library Manager: ArmAr.exe V5.06 update 7 (build 960)
Hex Converter:   FromElf.exe V5.06 update 7 (build 960)
CPU DLL:         SARMCM3.DLL V5.40.0.3
Dialog DLL:      DCM.DLL V1.17.5.0
Target DLL:      STLink\ST-LINKIII-KEIL_SWO.dll V3.3.0.0
Dialog DLL:      TCM.DLL V1.56.4.0
 
<h2>Project:</h2>
D:\workspace\STM32F103C8T6_YL69_400\STM32F103C8T6\MDK-ARM\STM32F103C8T6.uvprojx
Project File Date:  12/17/2024

<h2>Output:</h2>
*** Using Compiler 'V5.06 update 7 (build 960)', folder: 'C:\Users\liliput\AppData\Local\Keil_v5\ARM\ARMCC\Bin'
Build target 'STM32F103C8T6'
compiling main.c...
compiling freertos.c...
../Core/Src/../../User/tm1637.h(77): warning:  #1295-D: Deprecated declaration tm1637_task_init - give arg types
  extern void tm1637_task_init();
../Core/Src/../../User/tm1637.h(78): warning:  #1295-D: Deprecated declaration tm1637_task_proceess - give arg types
  extern void tm1637_task_proceess();
../Core/Src/../../User/tm1637.h(94): warning:  #1-D: last line of file ends without a newline
  #endif
../Core/Src/freertos.c: 3 warnings, 0 errors
linking...
Program Size: Code=11156 RO-data=524 RW-data=168 ZI-data=8120  
FromELF: creating hex file...
"STM32F103C8T6\STM32F103C8T6.axf" - 0 Error(s), 3 Warning(s).

<h2>Software Packages used:</h2>

Package Vendor: ARM
                https://www.keil.com/pack/ARM.CMSIS.6.1.0.pack
                ARM::CMSIS@6.1.0
                CMSIS (Common Microcontroller Software Interface Standard)
   * Component: CORE Version: 6.1.0

Package Vendor: Keil
                https://www.keil.com/pack/Keil.STM32F1xx_DFP.2.4.1.pack
                Keil::STM32F1xx_DFP@2.4.1
                STMicroelectronics STM32F1 Series Device Support, Drivers and Examples

<h2>Collection of Component include folders:</h2>
  ./RTE/_STM32F103C8T6
  C:/Users/liliput/AppData/Local/Arm/Packs/ARM/CMSIS/6.1.0/CMSIS/Core/Include
  C:/Users/liliput/AppData/Local/Arm/Packs/Keil/STM32F1xx_DFP/2.4.1/Device/Include

<h2>Collection of Component Files used:</h2>

   * Component: ARM::CMSIS:CORE@6.1.0
      Include file:  CMSIS/Core/Include/tz_context.h
Build Time Elapsed:  00:00:03
</pre>
</body>
</html>
